http://launchpadlibrarian.net/102057142/gcc-4.6-base_4.6.3-1ubuntu5_amd64.deb
http://launchpadlibrarian.net/79554367/libamd2.2.0_3.4.0-2ubuntu3_amd64.deb
http://launchpadlibrarian.net/79562140/libatlas3gf-base_3.8.4-3build1_amd64.deb
http://launchpadlibrarian.net/93163952/libblacs-mpi1_1.1-31ubuntu1_amd64.deb
http://launchpadlibrarian.net/79432349/libblas3gf_1.2.20110419-2ubuntu1_amd64.deb
http://launchpadlibrarian.net/102057179/libgfortran3_4.6.3-1ubuntu5_amd64.deb
http://launchpadlibrarian.net/86855144/libhdf5-openmpi-1.8.4_1.8.4-patch1-3ubuntu2_amd64.deb
http://launchpadlibrarian.net/57731806/libhypre-2.4.0_2.4.0b-7_amd64.deb
http://launchpadlibrarian.net/83117384/libibverbs1_1.1.5-1ubuntu1_amd64.deb
http://launchpadlibrarian.net/79599965/libmumps-4.9.2_4.9.2.dfsg-7build1_amd64.deb
http://launchpadlibrarian.net/92313905/libnuma1_2.0.8~rc3-1_amd64.deb
http://launchpadlibrarian.net/88908426/libpetsc3.1_3.1.dfsg-11ubuntu1_amd64.deb
http://launchpadlibrarian.net/102057147/libquadmath0_4.6.3-1ubuntu5_amd64.deb
http://launchpadlibrarian.net/88918631/libscalapack-mpi1_1.8.0-7build1_amd64.deb
http://launchpadlibrarian.net/88960741/libscotch-5.1_5.1.12b.dfsg-1_amd64.deb
http://launchpadlibrarian.net/88523913/libspooles2.2_2.2-9_amd64.deb
http://launchpadlibrarian.net/12667499/libsuperlu3_3.0+20070106-3_amd64.deb
http://launchpadlibrarian.net/206369988/libtorque2_2.4.16+dfsg-1+deb7u4build0.12.04.1_amd64.deb
http://launchpadlibrarian.net/79554377/libumfpack5.4.0_3.4.0-2ubuntu3_amd64.deb
http://launchpadlibrarian.net/202507343/libx11-6_1.4.99.1-0ubuntu2.3_amd64.deb
http://launchpadlibrarian.net/202507376/libx11-data_1.4.99.1-0ubuntu2.3_all.deb
http://launchpadlibrarian.net/84788368/libxau6_1.0.6-4_amd64.deb
http://launchpadlibrarian.net/140864111/libxcb1_1.8.1-1ubuntu0.2_amd64.deb
http://launchpadlibrarian.net/84805563/libxdmcp6_1.1.0-4_amd64.deb
http://launchpadlibrarian.net/88909481/mpi-default-bin_1.0.1_amd64.deb
